[2.270s] Invoking command in '/home/jacob/ros2_ws/src/joystick_drive': DEBUGINFOD_URLS=https://debuginfod.ubuntu.com PYTHONPATH=/home/jacob/ros2_ws/build/joystick_drive/prefix_override:/usr/lib/python3/dist-packages/colcon_core/task/python/colcon_distutils_commands:/home/jacob/ros2_ws/install/joystick_drive/lib/python3.12/site-packages:${PYTHONPATH} /usr/bin/python3 -W ignore:setup.py install is deprecated -W ignore:easy_install command is deprecated setup.py egg_info --egg-base ../../build/joystick_drive build --build-base /home/jacob/ros2_ws/build/joystick_drive/build install --record /home/jacob/ros2_ws/build/joystick_drive/install.log --single-version-externally-managed install_data
[2.910s] running egg_info
[2.976s] writing ../../build/joystick_drive/joystick_drive.egg-info/PKG-INFO
[2.977s] writing dependency_links to ../../build/joystick_drive/joystick_drive.egg-info/dependency_links.txt
[2.978s] writing entry points to ../../build/joystick_drive/joystick_drive.egg-info/entry_points.txt
[2.978s] writing requirements to ../../build/joystick_drive/joystick_drive.egg-info/requires.txt
[2.979s] writing top-level names to ../../build/joystick_drive/joystick_drive.egg-info/top_level.txt
[3.059s] reading manifest file '../../build/joystick_drive/joystick_drive.egg-info/SOURCES.txt'
[3.060s] writing manifest file '../../build/joystick_drive/joystick_drive.egg-info/SOURCES.txt'
[3.061s] running build
[3.061s] running build_py
[3.061s] copying joystick_drive/joystick_node.py -> /home/jacob/ros2_ws/build/joystick_drive/build/lib/joystick_drive
[3.062s] copying joystick_drive/joystick_node_working.py -> /home/jacob/ros2_ws/build/joystick_drive/build/lib/joystick_drive
[3.062s] running install
[3.077s] running install_lib
[3.110s] copying /home/jacob/ros2_ws/build/joystick_drive/build/lib/joystick_drive/joystick_node.py -> /home/jacob/ros2_ws/install/joystick_drive/lib/python3.12/site-packages/joystick_drive
[3.110s] copying /home/jacob/ros2_ws/build/joystick_drive/build/lib/joystick_drive/joystick_node_working.py -> /home/jacob/ros2_ws/install/joystick_drive/lib/python3.12/site-packages/joystick_drive
[3.113s] byte-compiling /home/jacob/ros2_ws/install/joystick_drive/lib/python3.12/site-packages/joystick_drive/joystick_node.py to joystick_node.cpython-312.pyc
[3.117s] byte-compiling /home/jacob/ros2_ws/install/joystick_drive/lib/python3.12/site-packages/joystick_drive/joystick_node_working.py to joystick_node_working.cpython-312.pyc
[3.129s] running install_data
[3.134s] running install_egg_info
[3.172s] removing '/home/jacob/ros2_ws/install/joystick_drive/lib/python3.12/site-packages/joystick_drive-0.0.0-py3.12.egg-info' (and everything under it)
[3.172s] Copying ../../build/joystick_drive/joystick_drive.egg-info to /home/jacob/ros2_ws/install/joystick_drive/lib/python3.12/site-packages/joystick_drive-0.0.0-py3.12.egg-info
[3.174s] running install_scripts
[3.494s] Installing joystick_node script to /home/jacob/ros2_ws/install/joystick_drive/lib/joystick_drive
[3.494s] writing list of installed files to '/home/jacob/ros2_ws/build/joystick_drive/install.log'
[3.703s] Invoked command in '/home/jacob/ros2_ws/src/joystick_drive' returned '0': DEBUGINFOD_URLS=https://debuginfod.ubuntu.com PYTHONPATH=/home/jacob/ros2_ws/build/joystick_drive/prefix_override:/usr/lib/python3/dist-packages/colcon_core/task/python/colcon_distutils_commands:/home/jacob/ros2_ws/install/joystick_drive/lib/python3.12/site-packages:${PYTHONPATH} /usr/bin/python3 -W ignore:setup.py install is deprecated -W ignore:easy_install command is deprecated setup.py egg_info --egg-base ../../build/joystick_drive build --build-base /home/jacob/ros2_ws/build/joystick_drive/build install --record /home/jacob/ros2_ws/build/joystick_drive/install.log --single-version-externally-managed install_data
