[1.656s] Invoking command in '/home/jacob/ros2_ws/src/joystick_drive': DEBUGINFOD_URLS=https://debuginfod.ubuntu.com PYTHONPATH=/home/jacob/ros2_ws/build/joystick_drive/prefix_override:/usr/lib/python3/dist-packages/colcon_core/task/python/colcon_distutils_commands:/home/jacob/ros2_ws/install/joystick_drive/lib/python3.12/site-packages:${PYTHONPATH} /usr/bin/python3 -W ignore:setup.py install is deprecated -W ignore:easy_install command is deprecated setup.py egg_info --egg-base ../../build/joystick_drive build --build-base /home/jacob/ros2_ws/build/joystick_drive/build install --record /home/jacob/ros2_ws/build/joystick_drive/install.log --single-version-externally-managed install_data
[2.003s] running egg_info
[2.028s] writing ../../build/joystick_drive/joystick_drive.egg-info/PKG-INFO
[2.029s] writing dependency_links to ../../build/joystick_drive/joystick_drive.egg-info/dependency_links.txt
[2.030s] writing entry points to ../../build/joystick_drive/joystick_drive.egg-info/entry_points.txt
[2.031s] writing requirements to ../../build/joystick_drive/joystick_drive.egg-info/requires.txt
[2.031s] writing top-level names to ../../build/joystick_drive/joystick_drive.egg-info/top_level.txt
[2.083s] reading manifest file '../../build/joystick_drive/joystick_drive.egg-info/SOURCES.txt'
[2.085s] writing manifest file '../../build/joystick_drive/joystick_drive.egg-info/SOURCES.txt'
[2.085s] running build
[2.085s] running build_py
[2.090s] running install
[2.101s] running install_lib
[2.129s] running install_data
[2.130s] running install_egg_info
[2.155s] removing '/home/jacob/ros2_ws/install/joystick_drive/lib/python3.12/site-packages/joystick_drive-0.0.0-py3.12.egg-info' (and everything under it)
[2.155s] Copying ../../build/joystick_drive/joystick_drive.egg-info to /home/jacob/ros2_ws/install/joystick_drive/lib/python3.12/site-packages/joystick_drive-0.0.0-py3.12.egg-info
[2.158s] running install_scripts
[2.330s] Installing joystick_node script to /home/jacob/ros2_ws/install/joystick_drive/lib/joystick_drive
[2.331s] writing list of installed files to '/home/jacob/ros2_ws/build/joystick_drive/install.log'
[2.420s] Invoked command in '/home/jacob/ros2_ws/src/joystick_drive' returned '0': DEBUGINFOD_URLS=https://debuginfod.ubuntu.com PYTHONPATH=/home/jacob/ros2_ws/build/joystick_drive/prefix_override:/usr/lib/python3/dist-packages/colcon_core/task/python/colcon_distutils_commands:/home/jacob/ros2_ws/install/joystick_drive/lib/python3.12/site-packages:${PYTHONPATH} /usr/bin/python3 -W ignore:setup.py install is deprecated -W ignore:easy_install command is deprecated setup.py egg_info --egg-base ../../build/joystick_drive build --build-base /home/jacob/ros2_ws/build/joystick_drive/build install --record /home/jacob/ros2_ws/build/joystick_drive/install.log --single-version-externally-managed install_data
