[1.648s] Invoking command in '/home/jacob/ros2_ws/src/joystick_drive': DEBUGINFOD_URLS=https://debuginfod.ubuntu.com PYTHONPATH=/home/jacob/ros2_ws/build/joystick_drive/prefix_override:/usr/lib/python3/dist-packages/colcon_core/task/python/colcon_distutils_commands:/home/jacob/ros2_ws/install/joystick_drive/lib/python3.12/site-packages:${PYTHONPATH} /usr/bin/python3 -W ignore:setup.py install is deprecated -W ignore:easy_install command is deprecated setup.py egg_info --egg-base ../../build/joystick_drive build --build-base /home/jacob/ros2_ws/build/joystick_drive/build install --record /home/jacob/ros2_ws/build/joystick_drive/install.log --single-version-externally-managed install_data
[2.106s] running egg_info
[2.139s] writing ../../build/joystick_drive/joystick_drive.egg-info/PKG-INFO
[2.139s] writing dependency_links to ../../build/joystick_drive/joystick_drive.egg-info/dependency_links.txt
[2.142s] writing entry points to ../../build/joystick_drive/joystick_drive.egg-info/entry_points.txt
[2.143s] writing requirements to ../../build/joystick_drive/joystick_drive.egg-info/requires.txt
[2.144s] writing top-level names to ../../build/joystick_drive/joystick_drive.egg-info/top_level.txt
[2.201s] reading manifest file '../../build/joystick_drive/joystick_drive.egg-info/SOURCES.txt'
[2.203s] writing manifest file '../../build/joystick_drive/joystick_drive.egg-info/SOURCES.txt'
[2.203s] running build
[2.203s] running build_py
[2.203s] running install
[2.217s] running install_lib
[2.246s] running install_data
[2.246s] running install_egg_info
[2.276s] removing '/home/jacob/ros2_ws/install/joystick_drive/lib/python3.12/site-packages/joystick_drive-0.0.0-py3.12.egg-info' (and everything under it)
[2.276s] Copying ../../build/joystick_drive/joystick_drive.egg-info to /home/jacob/ros2_ws/install/joystick_drive/lib/python3.12/site-packages/joystick_drive-0.0.0-py3.12.egg-info
[2.278s] running install_scripts
[2.503s] Installing joystick_node script to /home/jacob/ros2_ws/install/joystick_drive/lib/joystick_drive
[2.503s] writing list of installed files to '/home/jacob/ros2_ws/build/joystick_drive/install.log'
[2.663s] Invoked command in '/home/jacob/ros2_ws/src/joystick_drive' returned '0': DEBUGINFOD_URLS=https://debuginfod.ubuntu.com PYTHONPATH=/home/jacob/ros2_ws/build/joystick_drive/prefix_override:/usr/lib/python3/dist-packages/colcon_core/task/python/colcon_distutils_commands:/home/jacob/ros2_ws/install/joystick_drive/lib/python3.12/site-packages:${PYTHONPATH} /usr/bin/python3 -W ignore:setup.py install is deprecated -W ignore:easy_install command is deprecated setup.py egg_info --egg-base ../../build/joystick_drive build --build-base /home/jacob/ros2_ws/build/joystick_drive/build install --record /home/jacob/ros2_ws/build/joystick_drive/install.log --single-version-externally-managed install_data
