[2.251s] Invoking command in '/home/jacob/ros2_ws/src/joystick_drive': DEBUGINFOD_URLS=https://debuginfod.ubuntu.com PYTHONPATH=/home/jacob/ros2_ws/build/joystick_drive/prefix_override:/usr/lib/python3/dist-packages/colcon_core/task/python/colcon_distutils_commands:/home/jacob/ros2_ws/install/joystick_drive/lib/python3.12/site-packages:${PYTHONPATH} /usr/bin/python3 -W ignore:setup.py install is deprecated -W ignore:easy_install command is deprecated setup.py egg_info --egg-base ../../build/joystick_drive build --build-base /home/jacob/ros2_ws/build/joystick_drive/build install --record /home/jacob/ros2_ws/build/joystick_drive/install.log --single-version-externally-managed install_data
[2.900s] running egg_info
[2.962s] writing ../../build/joystick_drive/joystick_drive.egg-info/PKG-INFO
[2.962s] writing dependency_links to ../../build/joystick_drive/joystick_drive.egg-info/dependency_links.txt
[2.965s] writing entry points to ../../build/joystick_drive/joystick_drive.egg-info/entry_points.txt
[2.966s] writing requirements to ../../build/joystick_drive/joystick_drive.egg-info/requires.txt
[2.967s] writing top-level names to ../../build/joystick_drive/joystick_drive.egg-info/top_level.txt
[3.058s] reading manifest file '../../build/joystick_drive/joystick_drive.egg-info/SOURCES.txt'
[3.059s] writing manifest file '../../build/joystick_drive/joystick_drive.egg-info/SOURCES.txt'
[3.060s] running build
[3.060s] running build_py
[3.060s] copying joystick_drive/joystick_node.py -> /home/jacob/ros2_ws/build/joystick_drive/build/lib/joystick_drive
[3.061s] running install
[3.075s] running install_lib
[3.113s] copying /home/jacob/ros2_ws/build/joystick_drive/build/lib/joystick_drive/joystick_node.py -> /home/jacob/ros2_ws/install/joystick_drive/lib/python3.12/site-packages/joystick_drive
[3.115s] byte-compiling /home/jacob/ros2_ws/install/joystick_drive/lib/python3.12/site-packages/joystick_drive/joystick_node.py to joystick_node.cpython-312.pyc
[3.118s] running install_data
[3.118s] running install_egg_info
[3.179s] removing '/home/jacob/ros2_ws/install/joystick_drive/lib/python3.12/site-packages/joystick_drive-0.0.0-py3.12.egg-info' (and everything under it)
[3.179s] Copying ../../build/joystick_drive/joystick_drive.egg-info to /home/jacob/ros2_ws/install/joystick_drive/lib/python3.12/site-packages/joystick_drive-0.0.0-py3.12.egg-info
[3.181s] running install_scripts
[3.500s] Installing joystick_node script to /home/jacob/ros2_ws/install/joystick_drive/lib/joystick_drive
[3.501s] writing list of installed files to '/home/jacob/ros2_ws/build/joystick_drive/install.log'
[3.691s] Invoked command in '/home/jacob/ros2_ws/src/joystick_drive' returned '0': DEBUGINFOD_URLS=https://debuginfod.ubuntu.com PYTHONPATH=/home/jacob/ros2_ws/build/joystick_drive/prefix_override:/usr/lib/python3/dist-packages/colcon_core/task/python/colcon_distutils_commands:/home/jacob/ros2_ws/install/joystick_drive/lib/python3.12/site-packages:${PYTHONPATH} /usr/bin/python3 -W ignore:setup.py install is deprecated -W ignore:easy_install command is deprecated setup.py egg_info --egg-base ../../build/joystick_drive build --build-base /home/jacob/ros2_ws/build/joystick_drive/build install --record /home/jacob/ros2_ws/build/joystick_drive/install.log --single-version-externally-managed install_data
