[1.627s] Invoking command in '/home/jacob/ros2_ws/src/my_camera_pkg': DEBUGINFOD_URLS=https://debuginfod.ubuntu.com PYTHONPATH=/home/jacob/ros2_ws/build/my_camera_pkg/prefix_override:/usr/lib/python3/dist-packages/colcon_core/task/python/colcon_distutils_commands:/home/jacob/ros2_ws/install/my_camera_pkg/lib/python3.12/site-packages:${PYTHONPATH} /usr/bin/python3 -W ignore:setup.py install is deprecated -W ignore:easy_install command is deprecated setup.py egg_info --egg-base ../../build/my_camera_pkg build --build-base /home/jacob/ros2_ws/build/my_camera_pkg/build install --record /home/jacob/ros2_ws/build/my_camera_pkg/install.log --single-version-externally-managed install_data
[2.006s] running egg_info
[2.007s] creating ../../build/my_camera_pkg/my_camera_pkg.egg-info
[2.029s] writing ../../build/my_camera_pkg/my_camera_pkg.egg-info/PKG-INFO
[2.030s] writing dependency_links to ../../build/my_camera_pkg/my_camera_pkg.egg-info/dependency_links.txt
[2.030s] writing requirements to ../../build/my_camera_pkg/my_camera_pkg.egg-info/requires.txt
[2.030s] writing top-level names to ../../build/my_camera_pkg/my_camera_pkg.egg-info/top_level.txt
[2.030s] writing manifest file '../../build/my_camera_pkg/my_camera_pkg.egg-info/SOURCES.txt'
[2.076s] reading manifest file '../../build/my_camera_pkg/my_camera_pkg.egg-info/SOURCES.txt'
[2.077s] writing manifest file '../../build/my_camera_pkg/my_camera_pkg.egg-info/SOURCES.txt'
[2.081s] running build
[2.082s] running build_py
[2.084s] creating /home/jacob/ros2_ws/build/my_camera_pkg/build
[2.084s] creating /home/jacob/ros2_ws/build/my_camera_pkg/build/lib
[2.084s] creating /home/jacob/ros2_ws/build/my_camera_pkg/build/lib/my_camera_pkg
[2.084s] copying my_camera_pkg/__init__.py -> /home/jacob/ros2_ws/build/my_camera_pkg/build/lib/my_camera_pkg
[2.084s] running install
[2.097s] running install_lib
[2.120s] creating /home/jacob/ros2_ws/install/my_camera_pkg/lib/python3.12/site-packages/my_camera_pkg
[2.120s] copying /home/jacob/ros2_ws/build/my_camera_pkg/build/lib/my_camera_pkg/__init__.py -> /home/jacob/ros2_ws/install/my_camera_pkg/lib/python3.12/site-packages/my_camera_pkg
[2.120s] byte-compiling /home/jacob/ros2_ws/install/my_camera_pkg/lib/python3.12/site-packages/my_camera_pkg/__init__.py to __init__.cpython-312.pyc
[2.121s] running install_data
[2.121s] creating /home/jacob/ros2_ws/install/my_camera_pkg/share/ament_index
[2.121s] creating /home/jacob/ros2_ws/install/my_camera_pkg/share/ament_index/resource_index
[2.121s] creating /home/jacob/ros2_ws/install/my_camera_pkg/share/ament_index/resource_index/packages
[2.121s] copying resource/my_camera_pkg -> /home/jacob/ros2_ws/install/my_camera_pkg/share/ament_index/resource_index/packages
[2.121s] copying package.xml -> /home/jacob/ros2_ws/install/my_camera_pkg/share/my_camera_pkg
[2.121s] running install_egg_info
[2.146s] Copying ../../build/my_camera_pkg/my_camera_pkg.egg-info to /home/jacob/ros2_ws/install/my_camera_pkg/lib/python3.12/site-packages/my_camera_pkg-0.0.0-py3.12.egg-info
[2.147s] running install_scripts
[2.340s] writing list of installed files to '/home/jacob/ros2_ws/build/my_camera_pkg/install.log'
[2.463s] Invoked command in '/home/jacob/ros2_ws/src/my_camera_pkg' returned '0': DEBUGINFOD_URLS=https://debuginfod.ubuntu.com PYTHONPATH=/home/jacob/ros2_ws/build/my_camera_pkg/prefix_override:/usr/lib/python3/dist-packages/colcon_core/task/python/colcon_distutils_commands:/home/jacob/ros2_ws/install/my_camera_pkg/lib/python3.12/site-packages:${PYTHONPATH} /usr/bin/python3 -W ignore:setup.py install is deprecated -W ignore:easy_install command is deprecated setup.py egg_info --egg-base ../../build/my_camera_pkg build --build-base /home/jacob/ros2_ws/build/my_camera_pkg/build install --record /home/jacob/ros2_ws/build/my_camera_pkg/install.log --single-version-externally-managed install_data
