running egg_info
creating ../../build/joystick_drive/joystick_drive.egg-info
writing ../../build/joystick_drive/joystick_drive.egg-info/PKG-INFO
writing dependency_links to ../../build/joystick_drive/joystick_drive.egg-info/dependency_links.txt
writing requirements to ../../build/joystick_drive/joystick_drive.egg-info/requires.txt
writing top-level names to ../../build/joystick_drive/joystick_drive.egg-info/top_level.txt
writing manifest file '../../build/joystick_drive/joystick_drive.egg-info/SOURCES.txt'
reading manifest file '../../build/joystick_drive/joystick_drive.egg-info/SOURCES.txt'
writing manifest file '../../build/joystick_drive/joystick_drive.egg-info/SOURCES.txt'
running build
running build_py
creating /home/jacob/ros2_ws/build/joystick_drive/build
creating /home/jacob/ros2_ws/build/joystick_drive/build/lib
creating /home/jacob/ros2_ws/build/joystick_drive/build/lib/joystick_drive
copying joystick_drive/joystick_node.py -> /home/jacob/ros2_ws/build/joystick_drive/build/lib/joystick_drive
copying joystick_drive/__init__.py -> /home/jacob/ros2_ws/build/joystick_drive/build/lib/joystick_drive
running install
running install_lib
creating /home/jacob/ros2_ws/install/joystick_drive/lib/python3.12/site-packages/joystick_drive
copying /home/jacob/ros2_ws/build/joystick_drive/build/lib/joystick_drive/joystick_node.py -> /home/jacob/ros2_ws/install/joystick_drive/lib/python3.12/site-packages/joystick_drive
copying /home/jacob/ros2_ws/build/joystick_drive/build/lib/joystick_drive/__init__.py -> /home/jacob/ros2_ws/install/joystick_drive/lib/python3.12/site-packages/joystick_drive
byte-compiling /home/jacob/ros2_ws/install/joystick_drive/lib/python3.12/site-packages/joystick_drive/joystick_node.py to joystick_node.cpython-312.pyc
byte-compiling /home/jacob/ros2_ws/install/joystick_drive/lib/python3.12/site-packages/joystick_drive/__init__.py to __init__.cpython-312.pyc
running install_data
creating /home/jacob/ros2_ws/install/joystick_drive/share/ament_index
creating /home/jacob/ros2_ws/install/joystick_drive/share/ament_index/resource_index
creating /home/jacob/ros2_ws/install/joystick_drive/share/ament_index/resource_index/packages
copying resource/joystick_drive -> /home/jacob/ros2_ws/install/joystick_drive/share/ament_index/resource_index/packages
copying package.xml -> /home/jacob/ros2_ws/install/joystick_drive/share/joystick_drive
running install_egg_info
Copying ../../build/joystick_drive/joystick_drive.egg-info to /home/jacob/ros2_ws/install/joystick_drive/lib/python3.12/site-packages/joystick_drive-0.0.0-py3.12.egg-info
running install_scripts
writing list of installed files to '/home/jacob/ros2_ws/build/joystick_drive/install.log'
