[1.139s] Invoking command in '/home/jacob/ros2_ws/src/joystick_drive': DEBUGINFOD_URLS=https://debuginfod.ubuntu.com PYTHONPATH=/home/jacob/ros2_ws/build/joystick_drive/prefix_override:/usr/lib/python3/dist-packages/colcon_core/task/python/colcon_distutils_commands:/home/jacob/ros2_ws/install/joystick_drive/lib/python3.12/site-packages:${PYTHONPATH} /usr/bin/python3 -W ignore:setup.py install is deprecated -W ignore:easy_install command is deprecated setup.py egg_info --egg-base ../../build/joystick_drive build --build-base /home/jacob/ros2_ws/build/joystick_drive/build install --record /home/jacob/ros2_ws/build/joystick_drive/install.log --single-version-externally-managed install_data
[1.483s] running egg_info
[1.507s] writing ../../build/joystick_drive/joystick_drive.egg-info/PKG-INFO
[1.507s] writing dependency_links to ../../build/joystick_drive/joystick_drive.egg-info/dependency_links.txt
[1.508s] writing entry points to ../../build/joystick_drive/joystick_drive.egg-info/entry_points.txt
[1.509s] writing requirements to ../../build/joystick_drive/joystick_drive.egg-info/requires.txt
[1.510s] writing top-level names to ../../build/joystick_drive/joystick_drive.egg-info/top_level.txt
[1.559s] reading manifest file '../../build/joystick_drive/joystick_drive.egg-info/SOURCES.txt'
[1.560s] writing manifest file '../../build/joystick_drive/joystick_drive.egg-info/SOURCES.txt'
[1.560s] running build
[1.560s] running build_py
[1.560s] copying joystick_drive/joystick_node.py -> /home/jacob/ros2_ws/build/joystick_drive/build/lib/joystick_drive
[1.561s] running install
[1.580s] running install_lib
[1.593s] copying /home/jacob/ros2_ws/build/joystick_drive/build/lib/joystick_drive/joystick_node.py -> /home/jacob/ros2_ws/install/joystick_drive/lib/python3.12/site-packages/joystick_drive
[1.594s] byte-compiling /home/jacob/ros2_ws/install/joystick_drive/lib/python3.12/site-packages/joystick_drive/joystick_node.py to joystick_node.cpython-312.pyc
[1.596s] running install_data
[1.596s] running install_egg_info
[1.623s] removing '/home/jacob/ros2_ws/install/joystick_drive/lib/python3.12/site-packages/joystick_drive-0.0.0-py3.12.egg-info' (and everything under it)
[1.623s] Copying ../../build/joystick_drive/joystick_drive.egg-info to /home/jacob/ros2_ws/install/joystick_drive/lib/python3.12/site-packages/joystick_drive-0.0.0-py3.12.egg-info
[1.624s] running install_scripts
[1.790s] Installing joystick_node script to /home/jacob/ros2_ws/install/joystick_drive/lib/joystick_drive
[1.790s] writing list of installed files to '/home/jacob/ros2_ws/build/joystick_drive/install.log'
[1.875s] Invoked command in '/home/jacob/ros2_ws/src/joystick_drive' returned '0': DEBUGINFOD_URLS=https://debuginfod.ubuntu.com PYTHONPATH=/home/jacob/ros2_ws/build/joystick_drive/prefix_override:/usr/lib/python3/dist-packages/colcon_core/task/python/colcon_distutils_commands:/home/jacob/ros2_ws/install/joystick_drive/lib/python3.12/site-packages:${PYTHONPATH} /usr/bin/python3 -W ignore:setup.py install is deprecated -W ignore:easy_install command is deprecated setup.py egg_info --egg-base ../../build/joystick_drive build --build-base /home/jacob/ros2_ws/build/joystick_drive/build install --record /home/jacob/ros2_ws/build/joystick_drive/install.log --single-version-externally-managed install_data
