[2.205s] Invoking command in '/home/jacob/ros2_ws/src/joystick_drive': DEBUGINFOD_URLS=https://debuginfod.ubuntu.com PYTHONPATH=/home/jacob/ros2_ws/build/joystick_drive/prefix_override:/usr/lib/python3/dist-packages/colcon_core/task/python/colcon_distutils_commands:/home/jacob/ros2_ws/install/joystick_drive/lib/python3.12/site-packages:${PYTHONPATH} /usr/bin/python3 -W ignore:setup.py install is deprecated -W ignore:easy_install command is deprecated setup.py egg_info --egg-base ../../build/joystick_drive build --build-base /home/jacob/ros2_ws/build/joystick_drive/build install --record /home/jacob/ros2_ws/build/joystick_drive/install.log --single-version-externally-managed install_data
[2.805s] running egg_info
[2.857s] writing ../../build/joystick_drive/joystick_drive.egg-info/PKG-INFO
[2.858s] writing dependency_links to ../../build/joystick_drive/joystick_drive.egg-info/dependency_links.txt
[2.867s] writing entry points to ../../build/joystick_drive/joystick_drive.egg-info/entry_points.txt
[2.872s] writing requirements to ../../build/joystick_drive/joystick_drive.egg-info/requires.txt
[2.880s] writing top-level names to ../../build/joystick_drive/joystick_drive.egg-info/top_level.txt
[2.970s] reading manifest file '../../build/joystick_drive/joystick_drive.egg-info/SOURCES.txt'
[2.972s] writing manifest file '../../build/joystick_drive/joystick_drive.egg-info/SOURCES.txt'
[2.972s] running build
[2.972s] running build_py
[2.973s] copying joystick_drive/joystick_node_working.py -> /home/jacob/ros2_ws/build/joystick_drive/build/lib/joystick_drive
[2.974s] running install
[2.985s] running install_lib
[3.029s] copying /home/jacob/ros2_ws/build/joystick_drive/build/lib/joystick_drive/joystick_node_working.py -> /home/jacob/ros2_ws/install/joystick_drive/lib/python3.12/site-packages/joystick_drive
[3.031s] byte-compiling /home/jacob/ros2_ws/install/joystick_drive/lib/python3.12/site-packages/joystick_drive/joystick_node_working.py to joystick_node_working.cpython-312.pyc
[3.040s] running install_data
[3.040s] running install_egg_info
[3.072s] removing '/home/jacob/ros2_ws/install/joystick_drive/lib/python3.12/site-packages/joystick_drive-0.0.0-py3.12.egg-info' (and everything under it)
[3.072s] Copying ../../build/joystick_drive/joystick_drive.egg-info to /home/jacob/ros2_ws/install/joystick_drive/lib/python3.12/site-packages/joystick_drive-0.0.0-py3.12.egg-info
[3.074s] running install_scripts
[3.374s] Installing joystick_node script to /home/jacob/ros2_ws/install/joystick_drive/lib/joystick_drive
[3.374s] writing list of installed files to '/home/jacob/ros2_ws/build/joystick_drive/install.log'
[3.592s] Invoked command in '/home/jacob/ros2_ws/src/joystick_drive' returned '0': DEBUGINFOD_URLS=https://debuginfod.ubuntu.com PYTHONPATH=/home/jacob/ros2_ws/build/joystick_drive/prefix_override:/usr/lib/python3/dist-packages/colcon_core/task/python/colcon_distutils_commands:/home/jacob/ros2_ws/install/joystick_drive/lib/python3.12/site-packages:${PYTHONPATH} /usr/bin/python3 -W ignore:setup.py install is deprecated -W ignore:easy_install command is deprecated setup.py egg_info --egg-base ../../build/joystick_drive build --build-base /home/jacob/ros2_ws/build/joystick_drive/build install --record /home/jacob/ros2_ws/build/joystick_drive/install.log --single-version-externally-managed install_data
