running egg_info
writing ../../build/joystick_drive/joystick_drive.egg-info/PKG-INFO
writing dependency_links to ../../build/joystick_drive/joystick_drive.egg-info/dependency_links.txt
writing entry points to ../../build/joystick_drive/joystick_drive.egg-info/entry_points.txt
writing requirements to ../../build/joystick_drive/joystick_drive.egg-info/requires.txt
writing top-level names to ../../build/joystick_drive/joystick_drive.egg-info/top_level.txt
reading manifest file '../../build/joystick_drive/joystick_drive.egg-info/SOURCES.txt'
writing manifest file '../../build/joystick_drive/joystick_drive.egg-info/SOURCES.txt'
running build
running build_py
copying joystick_drive/joystick_node_test.py -> /home/jacob/ros2_ws/build/joystick_drive/build/lib/joystick_drive
running install
running install_lib
copying /home/jacob/ros2_ws/build/joystick_drive/build/lib/joystick_drive/joystick_node_test.py -> /home/jacob/ros2_ws/install/joystick_drive/lib/python3.12/site-packages/joystick_drive
byte-compiling /home/jacob/ros2_ws/install/joystick_drive/lib/python3.12/site-packages/joystick_drive/joystick_node_test.py to joystick_node_test.cpython-312.pyc
running install_data
running install_egg_info
removing '/home/jacob/ros2_ws/install/joystick_drive/lib/python3.12/site-packages/joystick_drive-0.0.0-py3.12.egg-info' (and everything under it)
Copying ../../build/joystick_drive/joystick_drive.egg-info to /home/jacob/ros2_ws/install/joystick_drive/lib/python3.12/site-packages/joystick_drive-0.0.0-py3.12.egg-info
running install_scripts
Installing joystick_node script to /home/jacob/ros2_ws/install/joystick_drive/lib/joystick_drive
writing list of installed files to '/home/jacob/ros2_ws/build/joystick_drive/install.log'
