running egg_info
creating ../../build/my_camera_pkg/my_camera_pkg.egg-info
writing ../../build/my_camera_pkg/my_camera_pkg.egg-info/PKG-INFO
writing dependency_links to ../../build/my_camera_pkg/my_camera_pkg.egg-info/dependency_links.txt
writing requirements to ../../build/my_camera_pkg/my_camera_pkg.egg-info/requires.txt
writing top-level names to ../../build/my_camera_pkg/my_camera_pkg.egg-info/top_level.txt
writing manifest file '../../build/my_camera_pkg/my_camera_pkg.egg-info/SOURCES.txt'
reading manifest file '../../build/my_camera_pkg/my_camera_pkg.egg-info/SOURCES.txt'
writing manifest file '../../build/my_camera_pkg/my_camera_pkg.egg-info/SOURCES.txt'
running build
running build_py
creating /home/jacob/ros2_ws/build/my_camera_pkg/build
creating /home/jacob/ros2_ws/build/my_camera_pkg/build/lib
creating /home/jacob/ros2_ws/build/my_camera_pkg/build/lib/my_camera_pkg
copying my_camera_pkg/__init__.py -> /home/jacob/ros2_ws/build/my_camera_pkg/build/lib/my_camera_pkg
running install
running install_lib
creating /home/jacob/ros2_ws/install/my_camera_pkg/lib/python3.12/site-packages/my_camera_pkg
copying /home/jacob/ros2_ws/build/my_camera_pkg/build/lib/my_camera_pkg/__init__.py -> /home/jacob/ros2_ws/install/my_camera_pkg/lib/python3.12/site-packages/my_camera_pkg
byte-compiling /home/jacob/ros2_ws/install/my_camera_pkg/lib/python3.12/site-packages/my_camera_pkg/__init__.py to __init__.cpython-312.pyc
running install_data
creating /home/jacob/ros2_ws/install/my_camera_pkg/share/ament_index
creating /home/jacob/ros2_ws/install/my_camera_pkg/share/ament_index/resource_index
creating /home/jacob/ros2_ws/install/my_camera_pkg/share/ament_index/resource_index/packages
copying resource/my_camera_pkg -> /home/jacob/ros2_ws/install/my_camera_pkg/share/ament_index/resource_index/packages
copying package.xml -> /home/jacob/ros2_ws/install/my_camera_pkg/share/my_camera_pkg
running install_egg_info
Copying ../../build/my_camera_pkg/my_camera_pkg.egg-info to /home/jacob/ros2_ws/install/my_camera_pkg/lib/python3.12/site-packages/my_camera_pkg-0.0.0-py3.12.egg-info
running install_scripts
writing list of installed files to '/home/jacob/ros2_ws/build/my_camera_pkg/install.log'
